
ERROR: JAVA_HOME is set to an invalid directory: /usr/lib/jvm/java-17-openjdk-amd64

